Initialized native services in: C:\Users\rajee\.gradle\native
Initialized jansi services in: C:\Users\rajee\.gradle\native
The client will now receive all logging from the daemon (pid: 43924). The daemon log file: C:\Users\rajee\.gradle\daemon\8.13\daemon-43924.out.log
Starting 4th build in daemon [uptime: 2 mins 28.569 secs, performance: 96%, GC rate: 0.17/s, heap usage: 24% of 1.3 GiB]
Using 32 worker leases.
Now considering [R:\Code\JUKES] as hierarchies to watch
Reusing configuration cache.
Now considering [R:\Code\JUKES] as hierarchies to watch
Watching the file system is configured to be enabled if available
File system watching is active
Tasks to be executed: [task ':app:preBuild', task ':app:preReleaseBuild', task ':app:mergeReleaseJniLibFolders', task ':app:mergeReleaseNativeLibs', task ':app:stripReleaseDebugSymbols', task ':app:extractReleaseNativeSymbolTables', task ':app:mergeReleaseNativeDebugMetadata', task ':app:buildKotlinToolingMetadata', task ':app:checkReleaseDuplicateClasses', task ':app:checkKotlinGradlePluginConfigurationErrors', task ':app:generateReleaseBuildConfig', task ':app:checkReleaseAarMetadata', task ':app:processReleaseNavigationResources', task ':app:compileReleaseNavigationResources', task ':app:generateReleaseResValues', task ':app:mapReleaseSourceSetPaths', task ':app:generateReleaseResources', task ':app:mergeReleaseResources', task ':app:packageReleaseResources', task ':app:parseReleaseLocalResources', task ':app:createReleaseCompatibleScreenManifests', task ':app:extractDeepLinksRelease', task ':app:processReleaseMainManifest', task ':app:processReleaseManifest', task ':app:processReleaseManifestForPackage', task ':app:processReleaseResources', task ':app:kspReleaseKotlin', task ':app:compileReleaseKotlin', task ':app:javaPreCompileRelease', task ':app:compileReleaseJavaWithJavac', task ':app:mergeReleaseArtProfile', task ':app:expandReleaseArtProfileWildcards', task ':app:extractProguardFiles', task ':app:mergeReleaseGeneratedProguardFiles', task ':app:processReleaseJavaRes', task ':app:mergeReleaseJavaResource', task ':app:mergeReleaseStartupProfile', task ':app:minifyReleaseWithR8', task ':app:compileReleaseArtProfile', task ':app:mergeReleaseShaders', task ':app:compileReleaseShaders', task ':app:generateReleaseAssets', task ':app:mergeReleaseAssets', task ':app:compressReleaseAssets', task ':app:extractReleaseVersionControlInfo', task ':app:generateReleaseLintVitalReportModel', task ':app:lintVitalAnalyzeRelease', task ':app:lintVitalReportRelease', task ':app:lintVitalRelease', task ':app:optimizeReleaseResources', task ':app:collectReleaseDependencies', task ':app:sdkReleaseDependencyData', task ':app:validateSigningRelease', task ':app:writeReleaseAppMetadata', task ':app:writeReleaseSigningConfigVersions', task ':app:packageRelease', task ':app:createReleaseApkListingFileRedirect', task ':app:assembleRelease']
Tasks that were excluded: []
Resolve mutations for :app:preBuild (Thread[Execution worker,5,main]) started.
Resolve mutations for :app:buildKotlinToolingMetadata (Thread[Execution worker Thread 2,5,main]) started.
Resolve mutations for :app:checkKotlinGradlePluginConfigurationErrors (Thread[Execution worker Thread 4,5,main]) started.
:app:checkKotlinGradlePluginConfigurationErrors (Thread[Execution worker Thread 4,5,main]) started.
:app:preBuild (Thread[Execution worker,5,main]) started.
:app:buildKotlinToolingMetadata (Thread[Execution worker Thread 10,5,main]) started.

> Task :app:preBuild UP-TO-DATE
Skipping task ':app:preBuild' as it has no actions.

> Task :app:checkKotlinGradlePluginConfigurationErrors SKIPPED
Skipping task ':app:checkKotlinGradlePluginConfigurationErrors' as task onlyIf 'errorDiagnostics are present' is false.
Resolve mutations for :app:preReleaseBuild (Thread[Execution worker,5,main]) started.
Resolve mutations for :app:extractProguardFiles (Thread[included builds,5,main]) started.
:app:preReleaseBuild (Thread[Execution worker Thread 3,5,main]) started.

> Task :app:preReleaseBuild UP-TO-DATE
Skipping task ':app:preReleaseBuild' as it has no actions.
:app:extractProguardFiles (Thread[included builds,5,main]) started.
Resolve mutations for :app:mergeReleaseJniLibFolders (Thread[Execution worker Thread 3,5,main]) started.
Resolve mutations for :app:checkReleaseDuplicateClasses (Thread[Execution worker Thread 16,5,main]) started.
Resolve mutations for :app:checkReleaseAarMetadata (Thread[Execution worker Thread 18,5,main]) started.
Resolve mutations for :app:generateReleaseBuildConfig (Thread[Execution worker Thread 17,5,main]) started.
Resolve mutations for :app:javaPreCompileRelease (Thread[Execution worker Thread 31,5,main]) started.
Resolve mutations for :app:createReleaseCompatibleScreenManifests (Thread[Execution worker Thread 21,5,main]) started.
Resolve mutations for :app:generateReleaseResValues (Thread[Execution worker Thread 20,5,main]) started.
:app:checkReleaseDuplicateClasses (Thread[Execution worker Thread 16,5,main]) started.
Resolve mutations for :app:processReleaseNavigationResources (Thread[Execution worker Thread 19,5,main]) started.
:app:mergeReleaseJniLibFolders (Thread[Execution worker Thread 3,5,main]) started.

> Task :app:buildKotlinToolingMetadata UP-TO-DATE
Caching disabled for task ':app:buildKotlinToolingMetadata' because:
  Build cache is disabled
  Caching has been disabled for the task
Skipping task ':app:buildKotlinToolingMetadata' as it is up-to-date.
Resolve mutations for :app:mergeReleaseArtProfile (Thread[Execution worker Thread 22,5,main]) started.
:app:generateReleaseResValues (Thread[Execution worker Thread 24,5,main]) started.
:app:javaPreCompileRelease (Thread[Execution worker Thread 25,5,main]) started.

> Task :app:extractProguardFiles UP-TO-DATE
Caching disabled for task ':app:extractProguardFiles' because:
  Build cache is disabled
  Fast task
Skipping task ':app:extractProguardFiles' as it is up-to-date.
:app:processReleaseNavigationResources (Thread[Execution worker Thread 19,5,main]) started.
Resolve mutations for :app:mergeReleaseStartupProfile (Thread[Execution worker Thread 26,5,main]) started.
:app:mergeReleaseArtProfile (Thread[included builds,5,main]) started.
:app:generateReleaseBuildConfig (Thread[Execution worker Thread 23,5,main]) started.
Resolve mutations for :app:extractReleaseVersionControlInfo (Thread[Execution worker Thread 30,5,main]) started.
Resolve mutations for :app:mergeReleaseShaders (Thread[Execution worker Thread 27,5,main]) started.
Resolve mutations for :app:validateSigningRelease (Thread[Execution worker Thread 2,5,main]) started.
Resolve mutations for :app:writeReleaseAppMetadata (Thread[Execution worker Thread 29,5,main]) started.
Resolve mutations for :app:collectReleaseDependencies (Thread[Execution worker Thread 28,5,main]) started.
:app:mergeReleaseStartupProfile (Thread[Execution worker Thread 26,5,main]) started.
Resolve mutations for :app:writeReleaseSigningConfigVersions (Thread[Execution worker Thread 22,5,main]) started.
:app:validateSigningRelease (Thread[Execution worker Thread 2,5,main]) started.
:app:checkReleaseAarMetadata (Thread[Execution worker Thread 18,5,main]) started.
:app:collectReleaseDependencies (Thread[Execution worker Thread 10,5,main]) started.
:app:createReleaseCompatibleScreenManifests (Thread[Execution worker Thread 21,5,main]) started.

> Task :app:generateReleaseResValues UP-TO-DATE
Caching disabled for task ':app:generateReleaseResValues' because:
  Build cache is disabled
Skipping task ':app:generateReleaseResValues' as it is up-to-date.

> Task :app:generateReleaseBuildConfig UP-TO-DATE
Caching disabled for task ':app:generateReleaseBuildConfig' because:
  Build cache is disabled
Skipping task ':app:generateReleaseBuildConfig' as it is up-to-date.

> Task :app:javaPreCompileRelease UP-TO-DATE
Caching disabled for task ':app:javaPreCompileRelease' because:
  Build cache is disabled
Skipping task ':app:javaPreCompileRelease' as it is up-to-date.
Resolve mutations for :app:generateReleaseResources (Thread[Execution worker Thread 31,5,main]) started.

> Task :app:mergeReleaseStartupProfile UP-TO-DATE
Caching disabled for task ':app:mergeReleaseStartupProfile' because:
  Build cache is disabled
  Simple merging task
Skipping task ':app:mergeReleaseStartupProfile' as it is up-to-date.
Resolve mutations for :app:mapReleaseSourceSetPaths (Thread[Execution worker Thread 24,5,main]) started.

> Task :app:validateSigningRelease UP-TO-DATE
Caching disabled for task ':app:validateSigningRelease' because:
  Build cache is disabled
  Caching has been disabled for the task
Skipping task ':app:validateSigningRelease' as it is up-to-date.
:app:writeReleaseSigningConfigVersions (Thread[Execution worker Thread 22,5,main]) started.
Resolve mutations for :app:extractDeepLinksRelease (Thread[Execution worker Thread 20,5,main]) started.
:app:mergeReleaseShaders (Thread[Execution worker Thread 27,5,main]) started.

> Task :app:mergeReleaseJniLibFolders UP-TO-DATE
Caching disabled for task ':app:mergeReleaseJniLibFolders' because:
  Build cache is disabled
  Simple merging task
Skipping task ':app:mergeReleaseJniLibFolders' as it is up-to-date.
:app:writeReleaseAppMetadata (Thread[Execution worker Thread 2,5,main]) started.
Resolve mutations for :app:mergeReleaseNativeLibs (Thread[Execution worker Thread 3,5,main]) started.
:app:generateReleaseResources (Thread[Execution worker Thread 31,5,main]) started.
:app:extractReleaseVersionControlInfo (Thread[Execution worker Thread 29,5,main]) started.
:app:mergeReleaseNativeLibs (Thread[Execution worker Thread 3,5,main]) started.

> Task :app:writeReleaseAppMetadata UP-TO-DATE
Caching disabled for task ':app:writeReleaseAppMetadata' because:
  Build cache is disabled
  Caching has been disabled for the task
Skipping task ':app:writeReleaseAppMetadata' as it is up-to-date.

> Task :app:writeReleaseSigningConfigVersions UP-TO-DATE
Caching disabled for task ':app:writeReleaseSigningConfigVersions' because:
  Build cache is disabled
  Caching has been disabled for the task
Skipping task ':app:writeReleaseSigningConfigVersions' as it is up-to-date.

> Task :app:generateReleaseResources UP-TO-DATE
Caching disabled for task ':app:generateReleaseResources' because:
  Build cache is disabled
Skipping task ':app:generateReleaseResources' as it is up-to-date.
:app:extractDeepLinksRelease (Thread[Execution worker Thread 30,5,main]) started.

> Task :app:extractReleaseVersionControlInfo UP-TO-DATE
Caching disabled for task ':app:extractReleaseVersionControlInfo' because:
  Build cache is disabled
  Caching has been disabled for the task
Skipping task ':app:extractReleaseVersionControlInfo' as it is up-to-date.
Resolve mutations for :app:mergeReleaseResources (Thread[Execution worker Thread 20,5,main]) started.
Resolve mutations for :app:packageReleaseResources (Thread[Execution worker Thread 28,5,main]) started.
:app:mapReleaseSourceSetPaths (Thread[Execution worker Thread 31,5,main]) started.

> Task :app:mergeReleaseShaders UP-TO-DATE
Caching disabled for task ':app:mergeReleaseShaders' because:
  Build cache is disabled
  Simple merging task
Skipping task ':app:mergeReleaseShaders' as it is up-to-date.
Resolve mutations for :app:compileReleaseShaders (Thread[Execution worker Thread 27,5,main]) started.

> Task :app:createReleaseCompatibleScreenManifests UP-TO-DATE
Caching disabled for task ':app:createReleaseCompatibleScreenManifests' because:
  Build cache is disabled
  Caching has been disabled for the task
Skipping task ':app:createReleaseCompatibleScreenManifests' as it is up-to-date.
:app:mergeReleaseResources (Thread[Execution worker Thread 20,5,main]) started.

> Task :app:extractDeepLinksRelease UP-TO-DATE
Caching disabled for task ':app:extractDeepLinksRelease' because:
  Build cache is disabled
Skipping task ':app:extractDeepLinksRelease' as it is up-to-date.
:app:packageReleaseResources (Thread[Execution worker Thread 29,5,main]) started.
Resolve mutations for :app:processReleaseMainManifest (Thread[Execution worker Thread 30,5,main]) started.
:app:compileReleaseShaders (Thread[Execution worker Thread 27,5,main]) started.
:app:processReleaseMainManifest (Thread[Execution worker Thread 30,5,main]) started.

> Task :app:compileReleaseShaders NO-SOURCE
Skipping task ':app:compileReleaseShaders' as it has no source files and no previous output files.

> Task :app:packageReleaseResources UP-TO-DATE
Caching disabled for task ':app:packageReleaseResources' because:
  Build cache is disabled
Skipping task ':app:packageReleaseResources' as it is up-to-date.
Resolve mutations for :app:generateReleaseAssets (Thread[Execution worker Thread 27,5,main]) started.
:app:generateReleaseAssets (Thread[Execution worker Thread 5,5,main]) started.

> Task :app:generateReleaseAssets UP-TO-DATE
Skipping task ':app:generateReleaseAssets' as it has no actions.
Resolve mutations for :app:mergeReleaseAssets (Thread[Execution worker Thread 5,5,main]) started.
:app:mergeReleaseAssets (Thread[Execution worker Thread 5,5,main]) started.

> Task :app:collectReleaseDependencies UP-TO-DATE
Caching disabled for task ':app:collectReleaseDependencies' because:
  Build cache is disabled
  Caching has been disabled for the task
Skipping task ':app:collectReleaseDependencies' as it is up-to-date.
Resolve mutations for :app:sdkReleaseDependencyData (Thread[Execution worker Thread 10,5,main]) started.
:app:sdkReleaseDependencyData (Thread[Execution worker Thread 10,5,main]) started.

> Task :app:sdkReleaseDependencyData UP-TO-DATE
Caching disabled for task ':app:sdkReleaseDependencyData' because:
  Build cache is disabled
  Caching has been disabled for the task
Skipping task ':app:sdkReleaseDependencyData' as it is up-to-date.

> Task :app:mergeReleaseArtProfile UP-TO-DATE
Caching disabled for task ':app:mergeReleaseArtProfile' because:
  Build cache is disabled
  Simple merging task
Skipping task ':app:mergeReleaseArtProfile' as it is up-to-date.

> Task :app:processReleaseNavigationResources UP-TO-DATE
Caching disabled for task ':app:processReleaseNavigationResources' because:
  Build cache is disabled
Skipping task ':app:processReleaseNavigationResources' as it is up-to-date.
Resolve mutations for :app:compileReleaseNavigationResources (Thread[Execution worker Thread 19,5,main]) started.
Resolve mutations for :app:parseReleaseLocalResources (Thread[Execution worker Thread 28,5,main]) started.
:app:compileReleaseNavigationResources (Thread[Execution worker Thread 28,5,main]) started.
:app:parseReleaseLocalResources (Thread[Execution worker Thread 11,5,main]) started.

> Task :app:compileReleaseNavigationResources UP-TO-DATE
Caching disabled for task ':app:compileReleaseNavigationResources' because:
  Build cache is disabled
Skipping task ':app:compileReleaseNavigationResources' as it is up-to-date.

> Task :app:checkReleaseAarMetadata UP-TO-DATE
Caching disabled for task ':app:checkReleaseAarMetadata' because:
  Build cache is disabled
  Caching has been disabled for the task
Skipping task ':app:checkReleaseAarMetadata' as it is up-to-date.

> Task :app:parseReleaseLocalResources UP-TO-DATE
Caching disabled for task ':app:parseReleaseLocalResources' because:
  Build cache is disabled
Skipping task ':app:parseReleaseLocalResources' as it is up-to-date.

> Task :app:mapReleaseSourceSetPaths UP-TO-DATE
Caching disabled for task ':app:mapReleaseSourceSetPaths' because:
  Build cache is disabled
  Caching has been disabled for the task
Skipping task ':app:mapReleaseSourceSetPaths' as it is up-to-date.

> Task :app:mergeReleaseResources UP-TO-DATE
Caching disabled for task ':app:mergeReleaseResources' because:
  Build cache is disabled
Skipping task ':app:mergeReleaseResources' as it is up-to-date.

> Task :app:checkReleaseDuplicateClasses UP-TO-DATE
Caching disabled for task ':app:checkReleaseDuplicateClasses' because:
  Build cache is disabled
  Caching has been disabled for the task
Skipping task ':app:checkReleaseDuplicateClasses' as it is up-to-date.

> Task :app:mergeReleaseAssets UP-TO-DATE
Caching disabled for task ':app:mergeReleaseAssets' because:
  Build cache is disabled
  Simple merging task
Skipping task ':app:mergeReleaseAssets' as it is up-to-date.

> Task :app:mergeReleaseNativeLibs UP-TO-DATE
Caching disabled for task ':app:mergeReleaseNativeLibs' because:
  Build cache is disabled
  Caching has been disabled for the task
Skipping task ':app:mergeReleaseNativeLibs' as it is up-to-date.
Resolve mutations for :app:stripReleaseDebugSymbols (Thread[Execution worker Thread 3,5,main]) started.
Resolve mutations for :app:compressReleaseAssets (Thread[Execution worker Thread 18,5,main]) started.
:app:stripReleaseDebugSymbols (Thread[Execution worker Thread 22,5,main]) started.
:app:compressReleaseAssets (Thread[Execution worker Thread 18,5,main]) started.

> Task :app:compressReleaseAssets UP-TO-DATE
Caching disabled for task ':app:compressReleaseAssets' because:
  Build cache is disabled
Skipping task ':app:compressReleaseAssets' as it is up-to-date.

> Task :app:stripReleaseDebugSymbols UP-TO-DATE
Caching disabled for task ':app:stripReleaseDebugSymbols' because:
  Build cache is disabled
  Caching has been disabled for the task
Skipping task ':app:stripReleaseDebugSymbols' as it is up-to-date.
Resolve mutations for :app:extractReleaseNativeSymbolTables (Thread[Execution worker Thread 22,5,main]) started.
:app:extractReleaseNativeSymbolTables (Thread[Execution worker Thread 22,5,main]) started.

> Task :app:extractReleaseNativeSymbolTables UP-TO-DATE
Caching disabled for task ':app:extractReleaseNativeSymbolTables' because:
  Build cache is disabled
Skipping task ':app:extractReleaseNativeSymbolTables' as it is up-to-date.
Resolve mutations for :app:mergeReleaseNativeDebugMetadata (Thread[Execution worker Thread 22,5,main]) started.

> Task :app:processReleaseMainManifest UP-TO-DATE
Caching disabled for task ':app:processReleaseMainManifest' because:
  Build cache is disabled
Skipping task ':app:processReleaseMainManifest' as it is up-to-date.
:app:mergeReleaseNativeDebugMetadata (Thread[Execution worker Thread 22,5,main]) started.
Resolve mutations for :app:processReleaseManifest (Thread[Execution worker Thread 30,5,main]) started.

> Task :app:mergeReleaseNativeDebugMetadata NO-SOURCE
Skipping task ':app:mergeReleaseNativeDebugMetadata' as it has no source files and no previous output files.
:app:processReleaseManifest (Thread[Execution worker Thread 30,5,main]) started.

> Task :app:processReleaseManifest UP-TO-DATE
Caching disabled for task ':app:processReleaseManifest' because:
  Build cache is disabled
Skipping task ':app:processReleaseManifest' as it is up-to-date.
Resolve mutations for :app:processReleaseManifestForPackage (Thread[Execution worker Thread 30,5,main]) started.
:app:processReleaseManifestForPackage (Thread[Execution worker Thread 30,5,main]) started.

> Task :app:processReleaseManifestForPackage UP-TO-DATE
Caching disabled for task ':app:processReleaseManifestForPackage' because:
  Build cache is disabled
Skipping task ':app:processReleaseManifestForPackage' as it is up-to-date.
Resolve mutations for :app:processReleaseResources (Thread[Execution worker Thread 30,5,main]) started.
:app:processReleaseResources (Thread[Execution worker Thread 30,5,main]) started.

> Task :app:processReleaseResources UP-TO-DATE
Caching disabled for task ':app:processReleaseResources' because:
  Build cache is disabled
Skipping task ':app:processReleaseResources' as it is up-to-date.
Resolve mutations for :app:kspReleaseKotlin (Thread[Execution worker Thread 30,5,main]) started.
Resolve mutations for :app:optimizeReleaseResources (Thread[Execution worker Thread 10,5,main]) started.
:app:optimizeReleaseResources (Thread[Execution worker Thread 10,5,main]) started.
:app:kspReleaseKotlin (Thread[Execution worker Thread 30,5,main]) started.

> Task :app:optimizeReleaseResources UP-TO-DATE
Caching disabled for task ':app:optimizeReleaseResources' because:
  Build cache is disabled
Skipping task ':app:optimizeReleaseResources' as it is up-to-date.

> Task :app:kspReleaseKotlin UP-TO-DATE
file or directory 'R:\Code\JUKES\app\src\release\kotlin', not found
file or directory 'R:\Code\JUKES\app\src\release\java', not found
file or directory 'R:\Code\JUKES\app\src\main\kotlin', not found
file or directory 'R:\Code\JUKES\app\src\release\java', not found
file or directory 'R:\Code\JUKES\app\src\release\kotlin', not found
file or directory 'R:\Code\JUKES\app\src\release\java', not found
file or directory 'R:\Code\JUKES\app\src\main\kotlin', not found
file or directory 'R:\Code\JUKES\app\src\release\java', not found
Caching disabled for task ':app:kspReleaseKotlin' because:
  Build cache is disabled
Skipping task ':app:kspReleaseKotlin' as it is up-to-date.
Resolve mutations for :app:compileReleaseKotlin (Thread[Execution worker Thread 30,5,main]) started.
:app:compileReleaseKotlin (Thread[Execution worker Thread 30,5,main]) started.

> Task :app:compileReleaseKotlin UP-TO-DATE
Caching disabled for task ':app:compileReleaseKotlin' because:
  Build cache is disabled
Skipping task ':app:compileReleaseKotlin' as it is up-to-date.
Resolve mutations for :app:compileReleaseJavaWithJavac (Thread[Execution worker Thread 30,5,main]) started.
Resolve mutations for :app:processReleaseJavaRes (Thread[Execution worker Thread 10,5,main]) started.
:app:processReleaseJavaRes (Thread[Execution worker Thread 10,5,main]) started.
:app:compileReleaseJavaWithJavac (Thread[Execution worker Thread 30,5,main]) started.

> Task :app:processReleaseJavaRes UP-TO-DATE
file or directory 'R:\Code\JUKES\app\src\main\resources', not found
file or directory 'R:\Code\JUKES\app\src\release\resources', not found
file or directory 'R:\Code\JUKES\app\build\generated\ksp\release\classes', not found
file or directory 'R:\Code\JUKES\app\build\generated\ksp\release\classes', not found
file or directory 'R:\Code\JUKES\app\src\main\resources', not found
file or directory 'R:\Code\JUKES\app\src\release\resources', not found
file or directory 'R:\Code\JUKES\app\build\generated\ksp\release\classes', not found
file or directory 'R:\Code\JUKES\app\build\generated\ksp\release\classes', not found
Caching disabled for task ':app:processReleaseJavaRes' because:
  Build cache is disabled
  Caching has been disabled for the task
Skipping task ':app:processReleaseJavaRes' as it is up-to-date.
Resolve mutations for :app:mergeReleaseJavaResource (Thread[Execution worker Thread 10,5,main]) started.

> Task :app:compileReleaseJavaWithJavac UP-TO-DATE
file or directory 'R:\Code\JUKES\app\build\generated\ksp\release\classes', not found
file or directory 'R:\Code\JUKES\app\build\generated\ksp\release\classes', not found
Caching disabled for task ':app:compileReleaseJavaWithJavac' because:
  Build cache is disabled
Skipping task ':app:compileReleaseJavaWithJavac' as it is up-to-date.
No compile result for :app:compileReleaseJavaWithJavac
Resolve mutations for :app:expandReleaseArtProfileWildcards (Thread[Execution worker Thread 30,5,main]) started.
Resolve mutations for :app:mergeReleaseGeneratedProguardFiles (Thread[Execution worker Thread 18,5,main]) started.
Resolve mutations for :app:lintVitalAnalyzeRelease (Thread[Execution worker Thread 12,5,main]) started.
Resolve mutations for :app:generateReleaseLintVitalReportModel (Thread[Execution worker Thread 7,5,main]) started.
:app:mergeReleaseJavaResource (Thread[Execution worker Thread 10,5,main]) started.
:app:generateReleaseLintVitalReportModel (Thread[Execution worker Thread 7,5,main]) started.
:app:mergeReleaseGeneratedProguardFiles (Thread[Execution worker Thread 18,5,main]) started.
:app:expandReleaseArtProfileWildcards (Thread[Execution worker Thread 30,5,main]) started.

> Task :app:mergeReleaseGeneratedProguardFiles UP-TO-DATE
file or directory 'R:\Code\JUKES\app\build\generated\ksp\release\classes', not found
Caching disabled for task ':app:mergeReleaseGeneratedProguardFiles' because:
  Build cache is disabled
  Simple merging task
Skipping task ':app:mergeReleaseGeneratedProguardFiles' as it is up-to-date.
:app:lintVitalAnalyzeRelease (Thread[Execution worker Thread 12,5,main]) started.

> Task :app:expandReleaseArtProfileWildcards UP-TO-DATE
Caching disabled for task ':app:expandReleaseArtProfileWildcards' because:
  Build cache is disabled
Skipping task ':app:expandReleaseArtProfileWildcards' as it is up-to-date.

> Task :app:mergeReleaseJavaResource UP-TO-DATE
Caching disabled for task ':app:mergeReleaseJavaResource' because:
  Build cache is disabled
  Caching has been disabled for the task
Skipping task ':app:mergeReleaseJavaResource' as it is up-to-date.
Resolve mutations for :app:minifyReleaseWithR8 (Thread[Execution worker Thread 10,5,main]) started.
:app:minifyReleaseWithR8 (Thread[Execution worker Thread 10,5,main]) started.

> Task :app:generateReleaseLintVitalReportModel UP-TO-DATE
Caching disabled for task ':app:generateReleaseLintVitalReportModel' because:
  Build cache is disabled
  Caching has been disabled for the task
Skipping task ':app:generateReleaseLintVitalReportModel' as it is up-to-date.

> Task :app:lintVitalAnalyzeRelease UP-TO-DATE
Caching disabled for task ':app:lintVitalAnalyzeRelease' because:
  Build cache is disabled
Skipping task ':app:lintVitalAnalyzeRelease' as it is up-to-date.
Resolve mutations for :app:lintVitalReportRelease (Thread[Execution worker Thread 12,5,main]) started.
:app:lintVitalReportRelease (Thread[Execution worker Thread 12,5,main]) started.

> Task :app:minifyReleaseWithR8 UP-TO-DATE
Caching disabled for task ':app:minifyReleaseWithR8' because:
  Build cache is disabled
Skipping task ':app:minifyReleaseWithR8' as it is up-to-date.
Resolve mutations for :app:compileReleaseArtProfile (Thread[Execution worker Thread 10,5,main]) started.
:app:compileReleaseArtProfile (Thread[Execution worker Thread 10,5,main]) started.

> Task :app:lintVitalReportRelease UP-TO-DATE
Caching disabled for task ':app:lintVitalReportRelease' because:
  Build cache is disabled
  Caching has been disabled for the task
Skipping task ':app:lintVitalReportRelease' as it is up-to-date.
Resolve mutations for :app:lintVitalRelease (Thread[Execution worker Thread 12,5,main]) started.
:app:lintVitalRelease (Thread[Execution worker Thread 12,5,main]) started.

> Task :app:compileReleaseArtProfile UP-TO-DATE
Caching disabled for task ':app:compileReleaseArtProfile' because:
  Build cache is disabled
Skipping task ':app:compileReleaseArtProfile' as it is up-to-date.

> Task :app:lintVitalRelease
Caching disabled for task ':app:lintVitalRelease' because:
  Build cache is disabled
  Caching has been disabled for the task
Task ':app:lintVitalRelease' is not up-to-date because:
  Task.upToDateWhen is false.
Resolve mutations for :app:packageRelease (Thread[Execution worker Thread 12,5,main]) started.
:app:packageRelease (Thread[Execution worker Thread 12,5,main]) started.

> Task :app:packageRelease UP-TO-DATE
Caching disabled for task ':app:packageRelease' because:
  Build cache is disabled
  Caching has been disabled for the task
Skipping task ':app:packageRelease' as it is up-to-date.
Resolve mutations for :app:createReleaseApkListingFileRedirect (Thread[Execution worker Thread 12,5,main]) started.
Resolve mutations for :app:assembleRelease (Thread[Execution worker Thread 7,5,main]) started.
:app:assembleRelease (Thread[Execution worker Thread 7,5,main]) started.

> Task :app:assembleRelease UP-TO-DATE
Skipping task ':app:assembleRelease' as it has no actions.
:app:createReleaseApkListingFileRedirect (Thread[Execution worker Thread 12,5,main]) started.

> Task :app:createReleaseApkListingFileRedirect UP-TO-DATE
Caching disabled for task ':app:createReleaseApkListingFileRedirect' because:
  Build cache is disabled
  Caching has been disabled for the task
Skipping task ':app:createReleaseApkListingFileRedirect' as it is up-to-date.

BUILD SUCCESSFUL in 783ms
51 actionable tasks: 1 executed, 50 up-to-date
Watched directory hierarchies: [R:\Code\JUKES]
Configuration cache entry reused.
